/home/azureuser/crawler/venv/lib/python3.12/site-packages/playwright_stealth/stealth.py:6: UserWarning: pkg_resources is deprecated as an API. See https://setuptools.pypa.io/en/latest/pkg_resources.html. The pkg_resources package is slated for removal as early as 2025-11-30. Refrain from using this package or pin to Setuptools<81.
  import pkg_resources
2025-11-19 01:08:12 - web_crawler - INFO - Logging configured successfully
2025-11-19 01:08:12 - web_crawler - INFO - Configuration validated successfully
============================================================
Web Crawler Configuration
============================================================
  CSV File:        zerodha_test.csv
  CPUs:            60/64
  Output:          crawled_data
  Max Pages:        50000
  Page Timeout:     30s
  Network Timeout: 10s
  Browser Mode:    Headless
  Log Level:       INFO
============================================================

2025-11-19 01:08:12 - web_crawler - INFO - Starting web crawl from CSV file: zerodha_test.csv
🚀 Starting web crawl from: zerodha_test.csv
------------------------------------------------------------
2025-11-19 01:08:12 - web_crawler - INFO - Beginning crawling process
2025-11-19 01:08:12,719 - src.scraper - zerodha.com - INFO - Initializing WebsiteScraper
2025-11-19 01:08:12,720 - src.rate_limiter - zerodha.com - INFO - Rate limiter initialized: max 30 requests/minute per domain
2025-11-19 01:08:12,720 - src.rate_limiter - zerodha.com - INFO - Delay manager initialized: 2.0-5.0s between pages
2025-11-19 01:08:12,720 - src.scraper - zerodha.com - INFO - Rate limiter initialized: 30 req/min
2025-11-19 01:08:12,720 - src.scraper - zerodha.com - INFO - Delay manager initialized: 2.0-5.0s
2025-11-19 01:08:12,720 - src.scraper - zerodha.com - INFO - WebsiteScraper initialized successfully
2025-11-19 01:08:12,720 - src.scraper - zerodha.com - INFO - 🔍 PHASE 1: Starting directory discovery for https://zerodha.com/varsity/modules/
2025-11-19 01:08:13,004 - src.scraper - zerodha.com - INFO - 🔍 Starting recursive directory discovery from: https://zerodha.com/varsity/modules/
2025-11-19 01:08:13,005 - src.scraper - zerodha.com - INFO - 📁 Exploring directory (depth 2): https://zerodha.com/varsity/modules/ (1 total discovered, 0 in queue)
2025-11-19 01:08:16,363 - src.scraper - zerodha.com - INFO -    ✅ Found 38 new directories on this page
2025-11-19 01:08:16,368 - src.scraper - zerodha.com - INFO - 📁 Exploring directory (depth 3): https://zerodha.com/varsity/module/%e0%a4%9f%e0%a5%87%e0%a4%95%e0%a5%8d%e0%a4%a8%e0%a4%bf%e0%a4%95%e0%a4%b2-%e0%a4%8f%e0%a4%a8%e0%a4%be%e0%a4%b2%e0%a4%bf%e0%a4%b8%e0%a4%bf%e0%a4%b8/ (39 total discovered, 37 in queue)
2025-11-19 01:08:19,303 - src.scraper - zerodha.com - INFO -    ✅ Found 21 new directories on this page
2025-11-19 01:08:19,306 - src.scraper - zerodha.com - INFO - 📁 Exploring directory (depth 3): https://zerodha.com/varsity/module/%e0%a4%ab%e0%a5%8d%e0%a4%af%e0%a5%82%e0%a4%9a%e0%a4%b0%e0%a5%8d%e0%a4%b8-%e0%a4%9f%e0%a5%8d%e0%a4%b0%e0%a5%87%e0%a4%a1%e0%a4%bf%e0%a4%82%e0%a4%97/ (60 total discovered, 57 in queue)
2025-11-19 01:08:22,063 - src.scraper - zerodha.com - INFO -    ✅ Found 13 new directories on this page
2025-11-19 01:08:22,066 - src.scraper - zerodha.com - INFO - 📁 Exploring directory (depth 3): https://zerodha.com/varsity/chapter/episode-1-ideas-by-the-lake/ (73 total discovered, 69 in queue)
2025-11-19 01:08:25,971 - src.scraper - zerodha.com - INFO -    ✅ Found 3 new directories on this page
2025-11-19 01:08:25,975 - src.scraper - zerodha.com - INFO - 📁 Exploring directory (depth 3): https://zerodha.com/varsity/module/technical-analysis/ (76 total discovered, 71 in queue)
2025-11-19 01:08:28,831 - src.scraper - zerodha.com - INFO -    ✅ Found 22 new directories on this page
2025-11-19 01:08:28,834 - src.scraper - zerodha.com - INFO - 📁 Exploring directory (depth 3): https://zerodha.com/varsity/module/futures-trading-futures-trading/ (98 total discovered, 92 in queue)
2025-11-19 01:08:33,322 - src.scraper - zerodha.com - INFO -    ✅ Found 10 new directories on this page
2025-11-19 01:08:33,326 - src.scraper - zerodha.com - INFO - 📁 Exploring directory (depth 3): https://zerodha.com/varsity/module/option-theory/ (108 total discovered, 101 in queue)
2025-11-19 01:08:36,204 - src.scraper - zerodha.com - INFO -    ✅ Found 25 new directories on this page
2025-11-19 01:08:36,207 - src.scraper - zerodha.com - INFO - 📁 Exploring directory (depth 3): https://zerodha.com/varsity/module/fundamental-analysis/ (133 total discovered, 125 in queue)
2025-11-19 01:08:38,960 - src.scraper - zerodha.com - INFO -    ✅ Found 16 new directories on this page
2025-11-19 01:08:38,964 - src.scraper - zerodha.com - INFO - 📁 Exploring directory (depth 3): https://zerodha.com/varsity/module/markets-and-taxation/ (149 total discovered, 140 in queue)
2025-11-19 01:08:41,761 - src.scraper - zerodha.com - INFO -    ✅ Found 8 new directories on this page
2025-11-19 01:08:41,765 - src.scraper - zerodha.com - INFO - 📁 Exploring directory (depth 3): https://zerodha.com/varsity/module/risk-management/ (157 total discovered, 147 in queue)
2025-11-19 01:08:45,313 - src.scraper - zerodha.com - INFO -    ✅ Found 16 new directories on this page
2025-11-19 01:08:45,316 - src.scraper - zerodha.com - INFO - 📁 Exploring directory (depth 3): https://zerodha.com/varsity/module/%e0%a4%aa%e0%a4%b0%e0%a5%8d%e0%a4%b8%e0%a4%a8%e0%a4%b2-%e0%a4%ab%e0%a4%be%e0%a4%87%e0%a4%a8%e0%a5%87%e0%a4%82%e0%a4%b8/ (173 total discovered, 162 in queue)
2025-11-19 01:08:49,052 - src.scraper - zerodha.com - INFO -    ✅ Found 30 new directories on this page
2025-11-19 01:08:49,056 - src.scraper - zerodha.com - INFO - 📁 Exploring directory (depth 3): https://zerodha.com/varsity/module/%e0%a4%95%e0%a4%b0%e0%a5%87%e0%a4%82%e0%a4%b8%e0%a5%80-%e0%a4%95%e0%a4%ae%e0%a5%8b%e0%a4%a1%e0%a4%bf%e0%a4%9f%e0%a5%80-%e0%a4%94%e0%a4%b0-%e0%a4%b8%e0%a4%b0%e0%a4%95%e0%a4%be%e0%a4%b0%e0%a5%80/ (203 total discovered, 191 in queue)
2025-11-19 01:08:51,965 - src.scraper - zerodha.com - INFO -    ✅ Found 19 new directories on this page
2025-11-19 01:08:51,968 - src.scraper - zerodha.com - INFO - 📁 Exploring directory (depth 3): https://zerodha.com/varsity/module/%e0%a4%ab%e0%a4%82%e0%a4%a1%e0%a4%be%e0%a4%ae%e0%a5%87%e0%a4%82%e0%a4%9f%e0%a4%b2-%e0%a4%8f%e0%a4%a8%e0%a4%be%e0%a4%b2%e0%a4%bf%e0%a4%b8%e0%a4%bf%e0%a4%b8/ (222 total discovered, 209 in queue)
2025-11-19 01:08:54,896 - src.scraper - zerodha.com - INFO -    ✅ Found 16 new directories on this page
2025-11-19 01:08:54,899 - src.scraper - zerodha.com - INFO - 📁 Exploring directory (depth 3): https://zerodha.com/varsity/module/futures-trading/ (238 total discovered, 224 in queue)
2025-11-19 01:08:57,667 - src.scraper - zerodha.com - INFO -    ✅ Found 12 new directories on this page
2025-11-19 01:08:57,671 - src.scraper - zerodha.com - INFO - 📁 Exploring directory (depth 3): https://zerodha.com/z-connect/category/varsity/ (250 total discovered, 235 in queue)
2025-11-19 01:09:01,224 - src.scraper - zerodha.com - INFO -    ✅ Found 37 new directories on this page
2025-11-19 01:09:01,227 - src.scraper - zerodha.com - INFO - 📁 Exploring directory (depth 3): https://zerodha.com/varsity/module/social-stock-exchanges-sses/ (287 total discovered, 271 in queue)
2025-11-19 01:09:04,012 - src.scraper - zerodha.com - INFO -    ✅ Found 4 new directories on this page
2025-11-19 01:09:04,016 - src.scraper - zerodha.com - INFO - 📁 Exploring directory (depth 3): https://zerodha.com/varsity/module/commodities-currency-government-securities/ (291 total discovered, 274 in queue)
2025-11-19 01:09:06,885 - src.scraper - zerodha.com - INFO -    ✅ Found 20 new directories on this page
2025-11-19 01:09:06,888 - src.scraper - zerodha.com - INFO - 📁 Exploring directory (depth 3): https://zerodha.com/varsity/module/options-trading/ (311 total discovered, 293 in queue)
2025-11-19 01:09:11,280 - src.scraper - zerodha.com - INFO -    ✅ Found 14 new directories on this page
2025-11-19 01:09:11,284 - src.scraper - zerodha.com - INFO - 📁 Exploring directory (depth 3): https://zerodha.com/varsity/module/trading-systems/ (325 total discovered, 306 in queue)
2025-11-19 01:09:14,069 - src.scraper - zerodha.com - INFO -    ✅ Found 16 new directories on this page
2025-11-19 01:09:14,072 - src.scraper - zerodha.com - INFO - 📁 Exploring directory (depth 2): https://zerodha.com/varsity/certified/ (341 total discovered, 321 in queue)
2025-11-19 01:09:18,519 - src.scraper - zerodha.com - INFO - 📁 Exploring directory (depth 3): https://zerodha.com/varsity/module/technical-analysis-video-series/ (341 total discovered, 320 in queue)
2025-11-19 01:09:22,735 - src.scraper - zerodha.com - INFO -    ✅ Found 12 new directories on this page
2025-11-19 01:09:22,739 - src.scraper - zerodha.com - INFO - 📁 Exploring directory (depth 3): https://zerodha.com/varsity/module/financial-modelling/ (353 total discovered, 331 in queue)
2025-11-19 01:09:25,667 - src.scraper - zerodha.com - INFO -    ✅ Found 18 new directories on this page
2025-11-19 01:09:25,670 - src.scraper - zerodha.com - INFO - 📁 Exploring directory (depth 3): https://zerodha.com/varsity/module/introduction-to-stock-markets/ (371 total discovered, 348 in queue)
2025-11-19 01:09:28,520 - src.scraper - zerodha.com - INFO -    ✅ Found 15 new directories on this page
2025-11-19 01:09:28,523 - src.scraper - zerodha.com - INFO - 📁 Exploring directory (depth 2): https://zerodha.com/varsity/video-modules/ (386 total discovered, 362 in queue)
2025-11-19 01:09:32,047 - src.scraper - zerodha.com - INFO -    ✅ Found 1 new directories on this page
2025-11-19 01:09:32,051 - src.scraper - zerodha.com - INFO - 📁 Exploring directory (depth 3): https://zerodha.com/varsity/module/%e0%a4%91%e0%a4%aa%e0%a5%8d%e0%a4%b6%e0%a4%a8-%e0%a4%b8%e0%a5%8d%e0%a4%9f%e0%a5%8d%e0%a4%b0%e0%a5%88%e0%a4%9f%e0%a5%87%e0%a4%9c%e0%a5%80/ (387 total discovered, 362 in queue)
2025-11-19 01:09:34,891 - src.scraper - zerodha.com - INFO -    ✅ Found 14 new directories on this page
2025-11-19 01:09:34,894 - src.scraper - zerodha.com - INFO - 📁 Exploring directory (depth 1): https://zerodha.com/varsity/ (401 total discovered, 375 in queue)
2025-11-19 01:09:37,759 - src.scraper - zerodha.com - INFO -    ✅ Found 6 new directories on this page
2025-11-19 01:09:37,762 - src.scraper - zerodha.com - INFO - 📁 Exploring directory (depth 3): https://zerodha.com/varsity/module/personalfinance/ (407 total discovered, 380 in queue)
2025-11-19 01:09:40,670 - src.scraper - zerodha.com - INFO -    ✅ Found 32 new directories on this page
2025-11-19 01:09:40,674 - src.scraper - zerodha.com - INFO - 📁 Exploring directory (depth 3): https://zerodha.com/varsity/module/introduction-to-stock-markets-video-series/ (439 total discovered, 411 in queue)
2025-11-19 01:09:46,474 - src.scraper - zerodha.com - INFO -    ✅ Found 10 new directories on this page
2025-11-19 01:09:46,479 - src.scraper - zerodha.com - INFO - 📁 Exploring directory (depth 3): https://zerodha.com/varsity/module/fundamental-analysis-2/ (449 total discovered, 420 in queue)
2025-11-19 01:09:50,272 - src.scraper - zerodha.com - INFO -    ✅ Found 10 new directories on this page
2025-11-19 01:09:50,276 - src.scraper - zerodha.com - INFO - 📁 Exploring directory (depth 3): https://zerodha.com/varsity/module/option-strategies/ (459 total discovered, 429 in queue)
2025-11-19 01:09:53,184 - src.scraper - zerodha.com - INFO -    ✅ Found 14 new directories on this page
2025-11-19 01:09:53,188 - src.scraper - zerodha.com - INFO - 📁 Exploring directory (depth 3): https://zerodha.com/varsity/module/%e0%a4%b0%e0%a4%bf%e0%a4%b8%e0%a5%8d%e0%a4%95-%e0%a4%ae%e0%a5%88%e0%a4%a8%e0%a5%87%e0%a4%9c%e0%a4%ae%e0%a5%87%e0%a4%82%e0%a4%9f-%e0%a4%94%e0%a4%b0-%e0%a4%9f%e0%a5%8d%e0%a4%b0%e0%a5%87%e0%a4%a1/ (473 total discovered, 442 in queue)
2025-11-19 01:09:55,952 - src.scraper - zerodha.com - INFO -    ✅ Found 16 new directories on this page
2025-11-19 01:09:55,955 - src.scraper - zerodha.com - INFO - 📁 Exploring directory (depth 3): https://zerodha.com/varsity/module/%e0%a4%b6%e0%a5%87%e0%a4%af%e0%a4%b0-%e0%a4%ac%e0%a4%be%e0%a4%9c%e0%a4%be%e0%a4%b0-%e0%a4%b8%e0%a5%87-%e0%a4%aa%e0%a4%b0%e0%a4%bf%e0%a4%9a%e0%a4%af/ (489 total discovered, 457 in queue)
2025-11-19 01:09:58,834 - src.scraper - zerodha.com - INFO -    ✅ Found 15 new directories on this page
2025-11-19 01:09:58,838 - src.scraper - zerodha.com - INFO - 📁 Exploring directory (depth 3): https://zerodha.com/varsity/module/national-pension-scheme/ (504 total discovered, 471 in queue)
2025-11-19 01:10:01,612 - src.scraper - zerodha.com - INFO -    ✅ Found 9 new directories on this page
2025-11-19 01:10:01,615 - src.scraper - zerodha.com - INFO - 📁 Exploring directory (depth 3): https://zerodha.com/varsity/module/insurance/ (513 total discovered, 479 in queue)
2025-11-19 01:10:04,400 - src.scraper - zerodha.com - INFO -    ✅ Found 9 new directories on this page
2025-11-19 01:10:04,403 - src.scraper - zerodha.com - INFO - 📁 Exploring directory (depth 3): https://zerodha.com/varsity/module/innerworth/ (522 total discovered, 487 in queue)
2025-11-19 01:10:10,033 - src.scraper - zerodha.com - INFO -    ✅ Found 603 new directories on this page
2025-11-19 01:10:10,038 - src.scraper - zerodha.com - INFO - 📁 Exploring directory (depth 3): https://zerodha.com/varsity/module/%e0%a4%9f%e0%a5%8d%e0%a4%b0%e0%a5%87%e0%a4%a1%e0%a4%bf%e0%a4%82%e0%a4%97-%e0%a4%b8%e0%a4%bf%e0%a4%b8%e0%a5%8d%e0%a4%9f%e0%a4%ae%e0%a5%8d%e0%a4%b8/ (1125 total discovered, 1089 in queue)
